// Jest Snapshot v1, https://goo.gl/fbAQLP

exports[`DeployStepTwo component render should render the expected snapshot 1`] = `
Array [
  <div
    className="bx--row margin-bottom-06"
  >
    <div
      className="bx--col-lg-10"
    >
      A smart contract definition describes how the selected package will be deployed in this channel. The package's name and version (where available) are copied across to the definition as defaults. You may optionally change them.
    </div>
  </div>,
  <div
    className="bx--row margin-bottom-06"
  >
    <div
      className="bx--col-lg-11"
    >
      <h5>
        Smart contract definition
      </h5>
    </div>
    <div
      className="bx--col-lg-11"
    >
      <div
        className="bx--row"
      >
        <div
          className="bx--col-lg-7 bx--col-md-3 bx--col-sm-4"
        >
          <div
            className="bx--form-item bx--text-input-wrapper"
          >
            <label
              className="bx--label"
              htmlFor="nameInput"
            >
              Definition name
            </label>
            <div
              className="bx--text-input__field-wrapper"
              data-invalid={null}
            >
              <input
                className="bx--text-input bx--text__input"
                defaultValue="mycontract"
                disabled={false}
                id="nameInput"
                onChange={[Function]}
                onClick={[Function]}
                type="text"
              />
            </div>
          </div>
        </div>
        <div
          className="bx--col-lg-2 bx--col-md-1 bx--col-sm-0"
        />
        <div
          className="bx--col-lg-7 bx--col-md-3 bx--col-sm-4"
        >
          <div
            className="bx--form-item bx--text-input-wrapper"
          >
            <label
              className="bx--label"
              htmlFor="versionInput"
            >
              Definition version
            </label>
            <div
              className="bx--text-input__field-wrapper"
              data-invalid={null}
            >
              <input
                className="bx--text-input bx--text__input"
                defaultValue="0.0.1"
                disabled={false}
                id="versionInput"
                onChange={[Function]}
                onClick={[Function]}
                type="text"
              />
            </div>
          </div>
        </div>
      </div>
    </div>
  </div>,
  <div
    className="bx--row margin-bottom-06"
  >
    <div
      className="bx--col-lg-11"
    >
      <div
        className="bx--row"
      >
        <div
          className="bx--col-lg-7 bx--col-md-3 bx--col-sm-4"
        >
          <div
            className="bx--form-item bx--text-input-wrapper"
          >
            <label
              className="bx--label"
              htmlFor="endorsementInput"
            >
              Endorsement policy
            </label>
            <div
              className="bx--form__helper-text"
            >
              Default (Channel/Application/Endorsement) policy will be used unless you specify your own.
            </div>
            <div
              className="bx--text-input__field-wrapper"
              data-invalid={null}
            >
              <input
                className="bx--text-input bx--text__input"
                defaultValue=""
                disabled={false}
                id="endorsementInput"
                onChange={[Function]}
                onClick={[Function]}
                placeholder="e.g. OR(\\"Org1MSP.member\\",\\"Org2MSP.member\\")"
                title="e.g. OR(\\"Org1MSP.member\\",\\"Org2MSP.member\\")"
                type="text"
              />
            </div>
          </div>
        </div>
      </div>
    </div>
  </div>,
  <div
    className="bx--row margin-bottom-06"
  >
    <div
      className="bx--col-lg-11"
    >
      <div
        className="bx--row"
      >
        <div
          className="bx--col-lg-7 bx--col-md-3 bx--col-sm-4"
        >
          <div
            className="bx--file__container"
          >
            <div
              className="bx--form-item"
              defaultValue={Array []}
              onChange={[Function]}
              onClick={[Function]}
              size="default"
            >
              <strong
                className="bx--file--label"
              >
                Collections configuration
              </strong>
              <p
                className="bx--label-description"
              >
                Default (implicit private data collections only) will be used unless you add your own.
              </p>
              <label
                aria-disabled={false}
                className="bx--btn bx--btn--tertiary"
                htmlFor="id2"
                onChange={[Function]}
                onClick={[Function]}
                onKeyDown={[Function]}
                tabIndex={0}
              >
                <span
                  role="button"
                >
                  Add file
                </span>
              </label>
              <input
                accept={
                  Array [
                    ".json",
                  ]
                }
                className="bx--visually-hidden"
                disabled={false}
                id="id2"
                multiple={false}
                onChange={[Function]}
                onClick={[Function]}
                tabIndex="-1"
                type="file"
              />
              <div
                className="bx--file-container"
              />
            </div>
          </div>
        </div>
      </div>
    </div>
  </div>,
  <div
    className="bx--row"
  >
    <div
      className="bx--col-lg-10"
    >
      <ul
        className="bx--accordion bx--accordion--end"
      >
        <li
          className="bx--accordion__item"
          onAnimationEnd={[Function]}
        >
          <button
            aria-expanded={false}
            className="bx--accordion__heading"
            onClick={[Function]}
            onKeyDown={[Function]}
            title="Expand/Collapse"
            type="button"
          >
            <svg
              aria-label="Expand/Collapse"
              className="bx--accordion__arrow"
              focusable="false"
              height={16}
              preserveAspectRatio="xMidYMid meet"
              role="img"
              viewBox="0 0 16 16"
              width={16}
              xmlns="http://www.w3.org/2000/svg"
            >
              <polygon
                points="11,8 6,13 5.3,12.3 9.6,8 5.3,3.7 6,3"
              />
            </svg>
            <div
              className="bx--accordion__title"
            >
              Learn about other smart contract definition parameters (advanced)
            </div>
          </button>
          <div
            className="bx--accordion__content"
          >
            <p>
              These developer tools automatically handle other parameters for simplified deployment. Learn what values are used in our 
              <a
                className="bx--link"
                href="https://github.com/IBM-Blockchain/blockchain-vscode-extension"
              >
                documentation
              </a>
              .
            </p>
            <p
              className="margin-bottom-05"
            >
              Find out more information about the endorsement policy syntax 
              <a
                className="bx--link"
                href="https://hyperledger-fabric.readthedocs.io/en/master/endorsement-policies.html#endorsement-policy-syntax"
              >
                here
              </a>
              .
            </p>
            <p
              className="margin-bottom-05"
            >
              To deploy with full control of all parameters, please use the 
              <a
                className="bx--link"
                href="https://cloud.ibm.com/catalog/services/blockchain-platform"
              >
                IBM Blockchain Platform Console
              </a>
               or 
              <a
                className="bx--link"
                href="https://hyperledger-fabric.readthedocs.io/en/release-2.0/chaincode_lifecycle.html"
              >
                Hyperledger Fabric CLIs
              </a>
              .
            </p>
          </div>
        </li>
      </ul>
    </div>
  </div>,
]
`;
