// Jest Snapshot v1, https://goo.gl/fbAQLP

exports[`ButtonList component render should render the expected snapshot 1`] = `
<div
  id="buttonList"
>
  <button
    className="bx--btn bx--btn--primary"
    disabled={false}
    onClick={[Function]}
    tabIndex={0}
    type="button"
  >
    Next
  </button>
</div>
`;
