// Jest Snapshot v1, https://goo.gl/fbAQLP

exports[`CommandLink component should render the expected snapshot 1`] = `
<a
  className="bx--link"
  href=""
  onClick={[Function]}
>
  my link
</a>
`;
