// Jest Snapshot v1, https://goo.gl/fbAQLP

exports[`CustomTile component should render the expected snapshot 1`] = `
<div
  className="bx--tile custom-tile"
>
  <div
    className="heading-combo-container"
  >
    <h3>
      My Tile
    </h3>
    <p>
      Some text I want to display in my tile
    </p>
  </div>
  <img
    alt=""
    className="new-tab-img"
    onClick={[Function]}
    src="test-file-stub"
  />
</div>
`;
