// Jest Snapshot v1, https://goo.gl/fbAQLP

exports[`DeployPage component render should render the expected snapshot 1`] = `
<div
  className="bx--grid deploy-page-container"
>
  <div
    className="bx--row"
  >
    <div
      className="bx--col-lg-10"
    >
      <div
        className="heading-combo-container"
      >
        <h3>
          Deploy smart contract
        </h3>
        <p>
          Deploying to mychannel in myEnvironment
        </p>
      </div>
    </div>
    <div
      className="bx--col-lg-4"
    >
      <div
        id="buttonList"
      >
        <button
          className="bx--btn bx--btn--primary bx--btn--disabled"
          disabled={true}
          onClick={[Function]}
          tabIndex={0}
          type="button"
        >
          Next
        </button>
      </div>
    </div>
    <div
      className="bx--col-lg-2"
    />
  </div>
  <div
    className="bx--row progress-row"
  >
    <div
      className="bx--col-lg-10"
    >
      <ul
        className="bx--progress"
      >
        <li
          className="bx--progress-step bx--progress-step--current"
        >
          <button
            className="bx--progress-step-button bx--progress-step-button--unclickable"
            onKeyDown={[Function]}
            tabIndex={-1}
          >
            <span
              className="bx--assistive-text"
            >
              Current
            </span>
            <svg
              aria-hidden={true}
              focusable="false"
              height={16}
              preserveAspectRatio="xMidYMid meet"
              viewBox="0 0 32 32"
              width={16}
              xmlns="http://www.w3.org/2000/svg"
            >
              <circle
                cx="16"
                cy="16"
                r="10"
              />
              <path
                d="M16,30A14,14,0,1,1,30,16,14.0158,14.0158,0,0,1,16,30ZM16,4A12,12,0,1,0,28,16,12.0137,12.0137,0,0,0,16,4Z"
              />
              <title>
                
              </title>
            </svg>
            <p
              className="bx--progress-label"
            >
              Step 1
            </p>
            <p
              className="bx--progress-optional"
            >
              Choose smart contract
            </p>
            <span
              className="bx--progress-line"
            />
          </button>
        </li>
        <li
          className="bx--progress-step bx--progress-step--incomplete"
        >
          <button
            className="bx--progress-step-button bx--progress-step-button--unclickable"
            onKeyDown={[Function]}
            tabIndex={-1}
          >
            <span
              className="bx--assistive-text"
            >
              Incomplete
            </span>
            <svg
              aria-hidden={true}
              focusable="false"
              height={16}
              preserveAspectRatio="xMidYMid meet"
              viewBox="0 0 32 32"
              width={16}
              xmlns="http://www.w3.org/2000/svg"
            >
              <path
                d="M16,2A14,14,0,1,0,30,16,14,14,0,0,0,16,2Zm0,26A12,12,0,1,1,28,16,12,12,0,0,1,16,28Z"
              />
              <title>
                
              </title>
            </svg>
            <p
              className="bx--progress-label"
            >
              Step 2
            </p>
            <p
              className="bx--progress-optional"
            >
              Create definition
            </p>
            <span
              className="bx--progress-line"
            />
          </button>
        </li>
        <li
          className="bx--progress-step bx--progress-step--incomplete"
        >
          <button
            className="bx--progress-step-button bx--progress-step-button--unclickable"
            onKeyDown={[Function]}
            tabIndex={-1}
          >
            <span
              className="bx--assistive-text"
            >
              Incomplete
            </span>
            <svg
              aria-hidden={true}
              focusable="false"
              height={16}
              preserveAspectRatio="xMidYMid meet"
              viewBox="0 0 32 32"
              width={16}
              xmlns="http://www.w3.org/2000/svg"
            >
              <path
                d="M16,2A14,14,0,1,0,30,16,14,14,0,0,0,16,2Zm0,26A12,12,0,1,1,28,16,12,12,0,0,1,16,28Z"
              />
              <title>
                
              </title>
            </svg>
            <p
              className="bx--progress-label"
            >
              Step 3
            </p>
            <p
              className="bx--progress-optional"
            >
              Deploy
            </p>
            <span
              className="bx--progress-line"
            />
          </button>
        </li>
      </ul>
    </div>
  </div>
  <div
    className="bx--row margin-bottom-10"
  >
    <div
      className="bx--col"
    >
      <div
        style={
          Object {
            "width": 384,
          }
        }
      >
        <div
          className="bx--dropdown__wrapper bx--list-box__wrapper"
        >
          <span
            className="bx--label"
          >
            Choose a smart contract to deploy
          </span>
          <div
            aria-label="dropdown"
            className="bx--dropdown bx--list-box"
            id="package-select"
            onClick={[Function]}
            onKeyDown={[Function]}
          >
            <div
              aria-controls={null}
              aria-disabled={false}
              aria-expanded={false}
              aria-haspopup={true}
              aria-labelledby="dropdown-label-package-select dropdown-field-label-package-select"
              aria-owns={null}
              className="bx--list-box__field"
              data-toggle={true}
              onBlur={[Function]}
              onClick={[Function]}
              onKeyDown={[Function]}
              role="button"
              tabIndex="0"
              type="button"
            >
              <span
                className="bx--list-box__label"
                htmlFor="downshift-0-input"
                id="dropdown-field-label-package-select"
              >
                Select smart contract
              </span>
              <div
                className="bx--list-box__menu-icon"
              >
                <svg
                  aria-label="Open menu"
                  focusable="false"
                  height={16}
                  name="chevron--down"
                  preserveAspectRatio="xMidYMid meet"
                  role="img"
                  viewBox="0 0 16 16"
                  width={16}
                  xmlns="http://www.w3.org/2000/svg"
                >
                  <polygon
                    points="8,11 3,6 3.7,5.3 8,9.6 12.3,5.3 13,6"
                  />
                  <title>
                    Open menu
                  </title>
                </svg>
              </div>
            </div>
          </div>
        </div>
      </div>
    </div>
  </div>
  <div
    className="bx--row"
  >
    <div
      className="bx--col-lg-10"
    >
      <ul
        className="bx--accordion bx--accordion--end"
      >
        <li
          className="bx--accordion__item"
          onAnimationEnd={[Function]}
        >
          <button
            aria-expanded={false}
            className="bx--accordion__heading"
            onClick={[Function]}
            onKeyDown={[Function]}
            title="Expand/Collapse"
            type="button"
          >
            <svg
              aria-label="Expand/Collapse"
              className="bx--accordion__arrow"
              focusable="false"
              height={16}
              preserveAspectRatio="xMidYMid meet"
              role="img"
              viewBox="0 0 16 16"
              width={16}
              xmlns="http://www.w3.org/2000/svg"
            >
              <polygon
                points="11,8 6,13 5.3,12.3 9.6,8 5.3,3.7 6,3"
              />
            </svg>
            <div
              className="bx--accordion__title"
            >
              How does Fabric v2.X smart contract deployment work?
            </div>
          </button>
          <div
            className="bx--accordion__content"
          >
            <div
              className="bx--row margin-top-05 margin-bottom-09"
            >
              <p>
                This deployment flow simplifies the steps below and you will only need to know these steps if you intend on using the operator console to operate a Blockchain network. If you do wish to operate a network in the future, or just want to know about how the smart contract deployment works in Fabric v2.0, then continue reading.
              </p>
            </div>
            <div
              className="bx--row margin-bottom-09"
            >
              <div
                className="bx--col margin-right-07 padding-right-05"
              >
                <p
                  className="step-title margin-bottom-05"
                >
                  Step 1
                </p>
                <h6
                  className="margin-bottom-05"
                >
                  Your smart contract is packaged
                </h6>
                <p
                  className="margin-bottom-05"
                >
                  We need to package the chaincode before it can be installed on our peers.
                </p>
              </div>
              <div
                className="bx--col"
              >
                <div
                  id="step-1-deploy-themed-image"
                >
                  <img
                    alt=""
                    className=""
                    src="test-file-stub"
                  />
                  <img
                    alt=""
                    className=""
                    src="test-file-stub"
                  />
                </div>
              </div>
            </div>
            <div
              className="bx--row margin-bottom-09"
            >
              <div
                className="bx--col"
              >
                <div
                  id="step-2-deploy-themed-image"
                >
                  <img
                    alt=""
                    className=""
                    src="test-file-stub"
                  />
                  <img
                    alt=""
                    className=""
                    src="test-file-stub"
                  />
                </div>
              </div>
              <div
                className="bx--col margin-left-07 padding-left-05"
              >
                <p
                  className="step-title margin-bottom-05"
                >
                  Step 2
                </p>
                <h6
                  className="margin-bottom-05"
                >
                  Each of the network's member organizations install the package on their peers
                </h6>
                <p
                  className="margin-bottom-05"
                >
                  After we package the smart contract, we can install the chaincode on our peers. The chaincode needs to be installed on every peer that will endorse a transaction.
                </p>
              </div>
            </div>
            <div
              className="bx--row margin-bottom-09"
            >
              <div
                className="bx--col margin-right-07 padding-right-05"
              >
                <div
                  className="title-and-tag margin-bottom-05"
                >
                  <span>
                    Step 3
                  </span>
                  <span
                    className="bx--tag bx--tag--blue fabric-2-tag"
                  >
                    New for Fabric v2.0
                  </span>
                </div>
                <h6
                  className="margin-bottom-05"
                >
                  Each organization approves a shared definition of what they will use on the channel
                </h6>
                <p
                  className="margin-bottom-05"
                >
                  After you install the chaincode package, you need to approve a chaincode definition for your organisation. The definition includes important parameters of chaincode governance such as the name, version, and the chaincode endorsement policy.
                </p>
              </div>
              <div
                className="bx--col"
              >
                <div
                  id="step-3-deploy-themed-image"
                >
                  <img
                    alt=""
                    className=""
                    src="test-file-stub"
                  />
                  <img
                    alt=""
                    className=""
                    src="test-file-stub"
                  />
                </div>
              </div>
            </div>
            <div
              className="bx--row margin-bottom-09"
            >
              <div
                className="bx--col"
              >
                <div
                  id="step-4-deploy-themed-image"
                >
                  <img
                    alt=""
                    className=""
                    src="test-file-stub"
                  />
                  <img
                    alt=""
                    className=""
                    src="test-file-stub"
                  />
                </div>
              </div>
              <div
                className="bx--col margin-left-07 padding-left-05"
              >
                <div
                  className="title-and-tag margin-bottom-05"
                >
                  <span>
                    Step 4
                  </span>
                  <span
                    className="bx--tag bx--tag--blue fabric-2-tag"
                  >
                    New for Fabric v2.0
                  </span>
                </div>
                <h6
                  className="margin-bottom-05"
                >
                  The definition is then committed: a transaction endorsed by the channel members
                </h6>
                <p
                  className="margin-bottom-05"
                >
                  After a sufficient number of organizations have approved a chaincode definition, one organization can commit the chaincode definition to the channel. If a majority of channel members have approved the definition, the commit transaction will be successful and the parameters agreed to in the chaincode definition will be implemented on the channel.
                </p>
              </div>
            </div>
            <div
              className="bx--row"
            >
              <p>
                To learn more, visit the 
                <a
                  className="bx--link"
                  href="https://hyperledger-fabric.readthedocs.io/en/release-2.0/chaincode_lifecycle.html"
                  id="deploy-step-1-link"
                >
                  Fabric chaincode lifecycle
                </a>
                 section in the Hyperledger Fabric docs.
              </p>
            </div>
          </div>
        </li>
      </ul>
    </div>
  </div>
</div>
`;
