// Jest Snapshot v1, https://goo.gl/fbAQLP

exports[`InlineSelect component should render the expected snapshot 1`] = `
<div
  id="my-inline-select-wrapper"
>
  <div
    className="bx--form-item"
  >
    <div
      className="bx--select inline-select"
    >
      <label
        className="bx--label"
        htmlFor="my-inline-select"
      >
        My Inline Select
      </label>
      <div
        className="bx--select-input__wrapper"
        data-invalid={null}
      >
        <select
          className="bx--select-input"
          id="my-inline-select"
          onChange={[Function]}
        >
          <option
            className="bx--select-option"
            disabled={false}
            hidden={false}
            value="Inline Select Option 1"
          >
            Inline Select Option 1
          </option>
          <option
            className="bx--select-option"
            disabled={false}
            hidden={false}
            value="Inline Select Option 2"
          >
            Inline Select Option 2
          </option>
        </select>
        <svg
          aria-hidden={true}
          className="bx--select__arrow"
          focusable="false"
          height={16}
          preserveAspectRatio="xMidYMid meet"
          viewBox="0 0 16 16"
          width={16}
          xmlns="http://www.w3.org/2000/svg"
        >
          <polygon
            points="8,11 3,6 3.7,5.3 8,9.6 12.3,5.3 13,6"
          />
        </svg>
      </div>
    </div>
  </div>
</div>
`;
