// Jest Snapshot v1, https://goo.gl/fbAQLP

exports[`TransactionPage component should render the expected snapshot 1`] = `
<div
  className="page-container bx--grid"
  data-test-id="txn-page"
>
  <div
    className="inner-container bx--row"
  >
    <div
      className="page-contents bx--col"
    >
      <div
        className="titles-container"
      >
        <span
          className="home-link"
        >
          Transacting with: 
          my gateway
           &gt; 
          mychannel
           &gt; 
          greenContract@0.0.1
        </span>
        <h2>
          Create a new transaction
        </h2>
      </div>
      <div
        className="contents-container bx--row"
      >
        <div
          className="bx--col"
        >
          <form
            className="bx--form"
            id="create-txn-form"
          >
             
            <fieldset
              className="bx--fieldset"
            >
              <legend
                className="bx--label"
              >
                Transaction label
              </legend>
              <div
                className="bx--row inline-row hide-label"
              >
                <div
                  className="bx--form-item bx--text-input-wrapper"
                >
                  <label
                    className="bx--label bx--visually-hidden"
                    htmlFor="transaction-label-input"
                  >
                    Enter transaction label
                  </label>
                  <div
                    className="bx--text-input__field-wrapper"
                    data-invalid={null}
                  >
                    <input
                      className="bx--text-input bx--text__input"
                      disabled={false}
                      id="transaction-label-input"
                      onChange={[Function]}
                      onClick={[Function]}
                      placeholder="Enter transaction label"
                      title="Enter transaction label"
                      type="text"
                    />
                  </div>
                </div>
                <button
                  className="bx--btn bx--btn--field bx--btn--primary"
                  disabled={false}
                  id="save-txn-button"
                  tabIndex={0}
                  type="button"
                >
                  Save
                </button>
              </div>
            </fieldset>
            <fieldset
              className="bx--fieldset"
            >
              <legend
                className="bx--label"
              >
                Transaction name
              </legend>
              <div
                className="bx--form-item"
              >
                <div
                  className="bx--select select-width"
                >
                  <label
                    className="bx--label"
                    htmlFor="transaction-name-select"
                  >
                    Transaction name*
                  </label>
                  <div
                    className="bx--select-input__wrapper"
                    data-invalid={null}
                  >
                    <select
                      className="bx--select-input"
                      id="transaction-name-select"
                      onChange={[Function]}
                    >
                      <option
                        className="bx--select-option"
                        disabled={false}
                        hidden={true}
                        value="placeholder-item"
                      >
                        Select the transaction name
                      </option>
                      <option
                        className="bx--select-option"
                        disabled={false}
                        hidden={false}
                        value="transactionOne"
                      >
                        transactionOne
                      </option>
                      <option
                        className="bx--select-option"
                        disabled={false}
                        hidden={false}
                        value="transactionTwo"
                      >
                        transactionTwo
                      </option>
                    </select>
                    <svg
                      aria-hidden={true}
                      className="bx--select__arrow"
                      focusable="false"
                      height={16}
                      preserveAspectRatio="xMidYMid meet"
                      viewBox="0 0 16 16"
                      width={16}
                      xmlns="http://www.w3.org/2000/svg"
                    >
                      <polygon
                        points="8,11 3,6 3.7,5.3 8,9.6 12.3,5.3 13,6"
                      />
                    </svg>
                  </div>
                </div>
              </div>
            </fieldset>
            <fieldset
              className="bx--fieldset"
              id="target-peer-input"
            >
              <legend
                className="bx--label"
              >
                Peer targeting
              </legend>
              <div
                className="bx--form-item bx--checkbox-wrapper"
              >
                <input
                  className="bx--checkbox"
                  id="target-peer-checkbox"
                  onChange={[Function]}
                  type="checkbox"
                />
                <label
                  className="bx--checkbox-label"
                  htmlFor="target-peer-checkbox"
                  title={null}
                >
                  <span
                    className="bx--checkbox-label-text"
                  >
                    Target custom peer
                  </span>
                </label>
              </div>
              <div
                className="bx--form-item"
              >
                <div
                  className="bx--select select-width hide-label"
                >
                  <label
                    className="bx--label"
                    htmlFor="peers-select"
                  >
                    Peers
                  </label>
                  <div
                    className="bx--select-input__wrapper"
                    data-invalid={null}
                  >
                    <select
                      className="bx--select-input"
                      id="peers-select"
                    >
                      <option
                        className="bx--select-option"
                        disabled={false}
                        hidden={false}
                        value="select-a-peer"
                      >
                        Select a peer
                      </option>
                    </select>
                    <svg
                      aria-hidden={true}
                      className="bx--select__arrow"
                      focusable="false"
                      height={16}
                      preserveAspectRatio="xMidYMid meet"
                      viewBox="0 0 16 16"
                      width={16}
                      xmlns="http://www.w3.org/2000/svg"
                    >
                      <polygon
                        points="8,11 3,6 3.7,5.3 8,9.6 12.3,5.3 13,6"
                      />
                    </svg>
                  </div>
                </div>
              </div>
            </fieldset>
            <fieldset
              className="bx--fieldset"
            >
              <legend
                className="bx--label"
              >
                Arguments
              </legend>
              <div
                className="bx--form-item"
              >
                <label
                  className="bx--label"
                  htmlFor="arguments-text-area"
                >
                  Arguments*
                </label>
                <div
                  className="bx--text-area__wrapper"
                  data-invalid={null}
                >
                  <textarea
                    aria-describedby={null}
                    aria-invalid={null}
                    className="bx--text-area"
                    cols={50}
                    disabled={false}
                    id="arguments-text-area"
                    onChange={[Function]}
                    onClick={[Function]}
                    placeholder=""
                    rows={4}
                    value=""
                  />
                </div>
              </div>
            </fieldset>
            <fieldset
              className="bx--fieldset"
            >
              <legend
                className="bx--label"
              >
                Transient data
              </legend>
              <div
                className="bx--form-item bx--text-input-wrapper"
              >
                <label
                  className="bx--label"
                  htmlFor="transient-data-input"
                >
                  Transient data (optional) - e.g. {"key": "value"}
                </label>
                <div
                  className="bx--text-input__field-wrapper"
                  data-invalid={null}
                >
                  <input
                    className="bx--text-input bx--text__input"
                    disabled={false}
                    id="transient-data-input"
                    onChange={[Function]}
                    onClick={[Function]}
                    type="text"
                    value=""
                  />
                </div>
              </div>
            </fieldset>
            <fieldset
              className="bx--fieldset"
              id="submit-and-evaluate-buttons"
            >
              <legend
                className="bx--label"
              >
                Submit and Evaluate buttons
              </legend>
              <button
                className="submit-and-evaluate-buttons bx--btn bx--btn--field bx--btn--primary bx--btn--disabled"
                disabled={true}
                id="evaluate-button"
                onClick={[Function]}
                tabIndex={0}
                type="button"
              >
                Evaluate
              </button>
              <button
                className="submit-and-evaluate-buttons bx--btn bx--btn--field bx--btn--primary bx--btn--disabled"
                disabled={true}
                id="submit-button"
                onClick={[Function]}
                tabIndex={0}
                type="button"
              >
                Submit
              </button>
            </fieldset>
             
          </form>
        </div>
      </div>
    </div>
    <div
      className="bx--col"
    >
      <div
        className="output-panel"
        id="output-panel"
      >
        <p
          className="output-title"
        >
          Output for untitled transaction
        </p>
        <p
          className="output-body"
        >
          here is some transaction output
        </p>
      </div>
    </div>
  </div>
</div>
`;
