// Jest Snapshot v1, https://goo.gl/fbAQLP

exports[`TransactionHome component should render the expected snapshot 1`] = `
Array [
  <div
    className="page-container bx--grid"
    data-test-id="txn-page"
  >
    <div
      className="inner-container"
    >
      <div
        className="page-contents"
      >
        <div
          className="titles-container"
        >
          <InlineSelect
            contents={
              Array [
                <SelectItem
                  disabled={false}
                  hidden={true}
                  text="greenContract@0.0.1"
                  value="greenContract@0.0.1"
                />,
                <SelectItem
                  disabled={false}
                  hidden={false}
                  text="greenContract@0.0.1"
                  value="greenContract@0.0.1"
                />,
                <SelectItem
                  disabled={false}
                  hidden={false}
                  text="blueContract@0.0.1"
                  value="blueContract@0.0.1"
                />,
              ]
            }
            id="smart-contract-select"
            labelText="Smart contract"
            onChangeCallback={[Function]}
          />
          <h2>
            Transactions view for 
            myGateway
          </h2>
        </div>
        <div
          className="contents-container bx--row"
        >
          <p>
            Welcome to the transaction webview for 
            greenContract@0.0.1
            . View, submit and evaluate transactions, as well as import and export them. Navigate to alternative smart contracts under 
            myGateway
             through the top left.
          </p>
          <br />
          <TransactionTable
            buttonFunction={[Function]}
            buttonId="recent-txns-table-btn"
            buttonText="Create a new transaction"
            description="View your recent transactions, unused transactions will clear every 50 submitted."
            id="recent-txns-table"
            rows={
              Array [
                Object {
                  "arguments": "AssetID: myAsset01",
                  "id": "1",
                  "name": "createAsset",
                  "result": "✅",
                  "timestamp": "1:15pm",
                },
                Object {
                  "arguments": "AssetID: myAsset01",
                  "id": "2",
                  "name": "readAsset",
                  "result": "✅",
                  "timestamp": "1:32pm",
                },
                Object {
                  "arguments": "AssetID: myAsset01",
                  "id": "3",
                  "name": "updateAsset",
                  "result": "✅",
                  "timestamp": "1:42pm",
                },
                Object {
                  "arguments": "AssetID: myAsset01",
                  "id": "4",
                  "name": "deleteAsset",
                  "result": "✅",
                  "timestamp": "1:59pm",
                },
              ]
            }
            title="Recent Transactions"
          />
        </div>
        <br />
        <div
          className="contents-container bx--row"
        >
          <TransactionTable
            buttonFunction={[Function]}
            buttonId="saved-txns-table-btn"
            buttonText="Import a transaction"
            description="View your saved templates"
            id="saved-txns-table"
            rows={
              Array [
                Object {
                  "id": "1",
                  "name": "No transaction templates saved",
                },
              ]
            }
            title="Saved templates"
          />
        </div>
      </div>
    </div>
  </div>,
]
`;
