// Jest Snapshot v1, https://goo.gl/fbAQLP

exports[`TransactionOutput component should render the expected snapshot 1`] = `
<div
  className="output-panel"
  id="output-panel"
>
  <p
    className="output-title"
  >
    Output for untitled transaction
  </p>
  <p
    className="output-body"
  >
    some output
  </p>
</div>
`;
