// Jest Snapshot v1, https://goo.gl/fbAQLP

exports[`HighLevelStatus should render the expected snapshot 1`] = `<div />`;
