// Jest Snapshot v1, https://goo.gl/fbAQLP

exports[`IssuesList should render the expected snapshot 1`] = `
<div>
  <div
    className="div-title"
  >
    <div
      className="button-container"
    >
      <span
        className="view-all-position"
      >
        <a
          className="link"
          href="https://github.com/IBM-Blockchain/blockchain-vscode-extension/issues?q="
        >
           
          View all on GitHub
           
        </a>
      </span>
      <span
        className="new-issue-position"
      >
        <a
          className="button"
          href="https://github.com/IBM-Blockchain/blockchain-vscode-extension/issues/new"
        >
          Report a new issue
        </a>
      </span>
    </div>
  </div>
  <div
    className="flex-container"
  >
    <div
      className="no-issues"
    >
      Please wait, loading status information
    </div>
  </div>
</div>
`;
