// Jest Snapshot v1, https://goo.gl/fbAQLP

exports[`UpcomingList should render the expected snapshot 1`] = `null`;
