// Jest Snapshot v1, https://goo.gl/fbAQLP

exports[`TransactionCreate component should render the expected snapshot 1`] = `
<div
  className="page-container bx--grid"
  data-test-id="txn-page"
>
  <div
    className="inner-container bx--row"
  >
    <div
      className="sidebar-container"
      id="sidebar-container"
    >
      <div
        className="panel-container"
      >
        <button
          className="bx--btn bx--btn--field bx--btn--primary"
          disabled={false}
          id="create-button"
          onClick={[Function]}
          tabIndex={0}
          type="button"
        >
          Create a new transaction
        </button>
        <button
          className="bx--btn bx--btn--field bx--btn--primary"
          disabled={false}
          id="import-button"
          onClick={[Function]}
          tabIndex={0}
          type="button"
        >
          Import existing transaction
        </button>
      </div>
      <div
        className="panel-container"
      >
        <h5>
          Filters
        </h5>
      </div>
      <div
        className="panel-container"
      >
        <h5>
          Transactions
        </h5>
      </div>
    </div>
    <div
      className="page-contents bx--col"
    >
      <div
        className="titles-container"
      >
        <span
          className="home-link"
          onClick={[Function]}
        >
          greenContract@0.0.1
           home
        </span>
      </div>
      <div
        className="contents-container bx--row"
      >
        <div
          className="bx--col-lg-11"
        >
          <form
            className="bx--form"
            id="create-txn-form"
          >
             
            <fieldset
              className="bx--fieldset"
            >
              <legend
                className="bx--label"
              >
                Transaction label
              </legend>
              <div
                className="bx--row inline-row hide-label"
              >
                <div
                  className="bx--form-item bx--text-input-wrapper"
                >
                  <label
                    className="bx--label bx--visually-hidden"
                    htmlFor="transaction-label-input"
                  >
                    Enter transaction label
                  </label>
                  <div
                    className="bx--text-input__field-wrapper"
                    data-invalid={null}
                  >
                    <input
                      className="bx--text-input bx--text__input"
                      defaultValue="Enter transaction label"
                      disabled={false}
                      id="transaction-label-input"
                      onChange={[Function]}
                      onClick={[Function]}
                      type="text"
                    />
                  </div>
                </div>
                <button
                  className="bx--btn bx--btn--field bx--btn--primary"
                  disabled={false}
                  id="save-txn-button"
                  tabIndex={0}
                  type="button"
                >
                  Save
                </button>
              </div>
            </fieldset>
            <fieldset
              className="bx--fieldset"
            >
              <legend
                className="bx--label"
              >
                Transaction name
              </legend>
              <div
                className="bx--form-item"
              >
                <div
                  className="bx--select select-width"
                >
                  <label
                    className="bx--label"
                    htmlFor="transaction-name-select"
                  >
                    Transaction name
                  </label>
                  <div
                    className="bx--select-input__wrapper"
                    data-invalid={null}
                  >
                    <select
                      className="bx--select-input"
                      id="transaction-name-select"
                      onChange={[Function]}
                    >
                      <option
                        className="bx--select-option"
                        disabled={false}
                        hidden={true}
                        value="placeholder-item"
                      >
                        Select the transaction name
                      </option>
                      <option
                        className="bx--select-option"
                        disabled={false}
                        hidden={false}
                        value="transactionOne"
                      >
                        transactionOne
                      </option>
                      <option
                        className="bx--select-option"
                        disabled={false}
                        hidden={false}
                        value="transactionTwo"
                      >
                        transactionTwo
                      </option>
                    </select>
                    <svg
                      aria-label="open list of options"
                      className="bx--select__arrow"
                      focusable="false"
                      height={16}
                      preserveAspectRatio="xMidYMid meet"
                      role="img"
                      style={
                        Object {
                          "willChange": "transform",
                        }
                      }
                      viewBox="0 0 16 16"
                      width={16}
                      xmlns="http://www.w3.org/2000/svg"
                    >
                      <path
                        d="M8 11L3 6l.7-.7L8 9.6l4.3-4.3.7.7z"
                      />
                      <title>
                        open list of options
                      </title>
                    </svg>
                  </div>
                </div>
              </div>
            </fieldset>
            <fieldset
              className="bx--fieldset"
              id="target-peer-input"
            >
              <legend
                className="bx--label"
              >
                Peer targeting
              </legend>
              <div
                className="bx--form-item bx--checkbox-wrapper"
              >
                <input
                  className="bx--checkbox"
                  id="target-peer-checkbox"
                  onChange={[Function]}
                  type="checkbox"
                />
                <label
                  className="bx--checkbox-label"
                  htmlFor="target-peer-checkbox"
                  title={null}
                >
                  <span
                    className="bx--checkbox-label-text"
                  >
                    Target custom peer
                  </span>
                </label>
              </div>
              <div
                className="bx--form-item"
              >
                <div
                  className="bx--select select-width hide-label"
                >
                  <label
                    className="bx--label"
                    htmlFor="peers-select"
                  >
                    Peers
                  </label>
                  <div
                    className="bx--select-input__wrapper"
                    data-invalid={null}
                  >
                    <select
                      className="bx--select-input"
                      id="peers-select"
                    >
                      <option
                        className="bx--select-option"
                        disabled={false}
                        hidden={false}
                        value="peer-1-and-2"
                      >
                        Peer 1, Peer 2
                      </option>
                    </select>
                    <svg
                      aria-label="open list of options"
                      className="bx--select__arrow"
                      focusable="false"
                      height={16}
                      preserveAspectRatio="xMidYMid meet"
                      role="img"
                      style={
                        Object {
                          "willChange": "transform",
                        }
                      }
                      viewBox="0 0 16 16"
                      width={16}
                      xmlns="http://www.w3.org/2000/svg"
                    >
                      <path
                        d="M8 11L3 6l.7-.7L8 9.6l4.3-4.3.7.7z"
                      />
                      <title>
                        open list of options
                      </title>
                    </svg>
                  </div>
                </div>
              </div>
            </fieldset>
            <fieldset
              className="bx--fieldset"
            >
              <legend
                className="bx--label"
              >
                Arguments
              </legend>
              <div
                className="bx--form-item"
              >
                <label
                  className="bx--label"
                  htmlFor="arguments-text-area"
                >
                  Arguments
                </label>
                <div
                  className="bx--text-area__wrapper"
                  data-invalid={null}
                >
                  <textarea
                    aria-describedby={null}
                    aria-invalid={null}
                    className="bx--text-area"
                    cols={50}
                    disabled={false}
                    id="arguments-text-area"
                    onChange={[Function]}
                    onClick={[Function]}
                    placeholder=""
                    rows={4}
                    value=""
                  />
                </div>
              </div>
            </fieldset>
            <fieldset
              className="bx--fieldset"
            >
              <legend
                className="bx--label"
              >
                Transient data
              </legend>
              <div
                className="bx--form-item bx--text-input-wrapper"
              >
                <label
                  className="bx--label bx--visually-hidden"
                  htmlFor="transient-data-input"
                >
                  Transient data
                </label>
                <div
                  className="bx--text-input__field-wrapper"
                  data-invalid={null}
                >
                  <input
                    className="bx--text-input bx--text__input"
                    disabled={false}
                    id="transient-data-input"
                    onChange={[Function]}
                    onClick={[Function]}
                    type="text"
                  />
                </div>
              </div>
            </fieldset>
             
          </form>
        </div>
        <div
          className="bx--col-lg-5"
        >
          <div>
            Transaction output
          </div>
          <div
            className="txn-output-container"
            id="txn-output-container"
          >
            <div>
              <p>
                Transaction output
              </p>
              <p>
                More transaction output
              </p>
              <p>
                Even more transaction output
              </p>
              <p>
                A really really really long piece of transaction output
              </p>
            </div>
          </div>
        </div>
      </div>
    </div>
  </div>
</div>
`;
